[backblue.gif]
[fade.gif]
[index.html]
[simplify-living.ch/wp-content/themes/astra/assets/css/minified/main.mineda1.css]
[fonts.googleapis.com/index.html]
[simplify-living.ch/wp-content/plugins/contact-form-7/includes/css/styles41a3.css]
[simplify-living.ch/wp-content/themes/astra/assets/css/minified/compatibility/contact-form-7-main.mineda1.css]
[simplify-living.ch/feed/index.html]
[simplify-living.ch/wp-content/plugins/translatepress-multilingual/assets/css/trp-language-switcher-v24d48.css]
[simplify-living.ch/wp-content/plugins/elementor/assets/lib/eicons/css/elementor-icons.mine085.css]
[simplify-living.ch/wp-content/plugins/elementor/assets/css/frontend.min4a4c.css]
[simplify-living.ch/wp-content/uploads/2023/09/2bett-scaled.jpg]
[simplify-living.ch/wp-content/plugins/elementor/assets/mask-shapes/circle.svg]
[simplify-living.ch/comments/feed/index.html]
[simplify-living.ch/wp-content/plugins/fancy-elementor-flipbox/assets/css/fancy-elementor-flipbox32d4.css]
[simplify-living.ch/wp-content/plugins/elementor/assets/lib/font-awesome/css/all.min4a4c.css]
[simplify-living.ch/wp-content/plugins/elementor/assets/lib/font-awesome/css/v4-shims.min4a4c.css]
[simplify-living.ch/wp-content/plugins/elementor/assets/css/widget-spacer.min4a4c.css]
[simplify-living.ch/wp-content/plugins/elementor/assets/css/widget-image.min4a4c.css]
[simplify-living.ch/wp-content/plugins/elementor/assets/lib/animations/styles/headShake.min4a4c.css]
[simplify-living.ch/wp-content/plugins/elementor/assets/css/widget-heading.min4a4c.css]
[simplify-living.ch/wp-content/plugins/elementor/assets/lib/swiper/v8/css/swiper.min94a4.css]
[simplify-living.ch/wp-content/plugins/elementor/assets/css/conditionals/e-swiper.min4a4c.css]
[simplify-living.ch/wp-content/plugins/elementor/assets/css/widget-image-carousel.min4a4c.css]
[simplify-living.ch/wp-content/plugins/beaf-before-and-after-gallery/assets/css/twentytwenty32d4.css]
[simplify-living.ch/wp-content/plugins/beaf-before-and-after-gallery/assets/css/bafg-style32d4.css]
[simplify-living.ch/wp-content/uploads/elementor/google-fonts/css/roboto324f.css]
[simplify-living.ch/wp-content/uploads/elementor/google-fonts/css/robotoslabff39.css]
[simplify-living.ch/wp-content/uploads/elementor/google-fonts/css/josefinsansa8b6.css]
[simplify-living.ch/wp-content/plugins/elementor/assets/lib/font-awesome/css/fontawesome.min52d5.css]
[simplify-living.ch/wp-content/plugins/elementor/assets/lib/font-awesome/css/regular.min52d5.css]
[simplify-living.ch/wp-content/plugins/elementor/assets/lib/font-awesome/css/solid.min52d5.css]
[simplify-living.ch/wp-content/plugins/translatepress-multilingual/assets/js/trp-frontend-language-switcher4d48.js]
[simplify-living.ch/wp-content/plugins/elementor/assets/lib/font-awesome/js/v4-shims.min4a4c.js]
[simplify-living.ch/wp-includes/js/jquery/jquery.minf43b.js]
[simplify-living.ch/wp-includes/js/jquery/jquery-migrate.min5589.js]
[simplify-living.ch/wp-content/plugins/beaf-before-and-after-gallery/assets/js/jquery.event.move.js]
[simplify-living.ch/wp-content/plugins/beaf-before-and-after-gallery/assets/js/jquery.twentytwenty16c4.js]
[simplify-living.ch/wp-json/wp/v2/pages/1316.json]
[simplify-living.ch/wp-json/index.html]
[simplify-living.ch/xmlrpc0db0.php]
[simplify-living.ch/wp-json/oembed/1.0/embedb87d.json]
[simplify-living.ch/wp-json/oembed/1.0/embed7632]
[simplify-living.ch/wp-content/uploads/2023/09/cropped-cropped-cropped-SL_logo_bt-1-32x32.png]
[simplify-living.ch/wp-content/uploads/2023/09/cropped-cropped-cropped-SL_logo_bt-1-192x192.png]
[simplify-living.ch/wp-content/uploads/2023/09/cropped-cropped-cropped-SL_logo_bt-1-180x180.png]
[simplify-living.ch/wp-content/uploads/2023/09/cropped-cropped-cropped-cropped-SL_logo_bt-1-72x72.png]
[simplify-living.ch/wp-content/uploads/2023/05/0-Portrait-4_edited-300x300.jpg]
[simplify-living.ch/wp-content/uploads/2025/09/Bronze-Consultant-1024x292.png]
[simplify-living.ch/en/index.html]
[simplify-living.ch/about/index.html]
[simplify-living.ch/method/index.html]
[simplify-living.ch/services/index.html]
[simplify-living.ch/wp-content/uploads/2023/05/km-meditate-1024x768.webp]
[simplify-living.ch/gallery/index.html]
[simplify-living.ch/contact/index.html]
[simplify-living.ch/wp-content/uploads/2023/05/amanda-vick-zw_oaDbfzyE-unsplash-200x300.jpg]
[simplify-living.ch/wp-content/uploads/2023/05/alexander-grey-tn57JI3CewI-unsplash1-200x300.jpg]
[simplify-living.ch/wp-content/uploads/2023/05/johny-goerend-qm2rUzrP64U-unsplash-200x300.jpg]
[simplify-living.ch/wp-content/uploads/2023/06/paul-hanaoka-Dl6H4_nzBpE-unsplash-200x300.jpg]
[simplify-living.ch/wp-content/uploads/2023/05/Kueche-3.jpg]
[simplify-living.ch/wp-content/uploads/2023/05/Kueche-4.jpg]
[simplify-living.ch/wp-content/uploads/2023/11/Vorher-HF-scaled.jpg]
[simplify-living.ch/wp-content/uploads/2023/10/Nachher-scaled.jpg]
[simplify-living.ch/wp-content/uploads/2023/10/1698231263456-scaled.jpg]
[simplify-living.ch/wp-content/uploads/2023/10/1698231263403-scaled.jpg]
[simplify-living.ch/wp-content/uploads/2023/05/Mirj-150x150.jpg]
[simplify-living.ch/wp-content/uploads/2025/03/Portrait-Karin-scaled-e1741890479995-150x150.jpg]
[simplify-living.ch/wp-content/uploads/2025/04/Paedi-150x150.jpg]
[simplify-living.ch/wp-content/uploads/2025/04/Stef-e1744375075876-150x150.jpg]
[simplify-living.ch/wp-content/themes/astra/assets/js/minified/frontend.mineda1.js]
[simplify-living.ch/wp-content/plugins/contact-form-7/includes/swv/js/index41a3.js]
[simplify-living.ch/wp-content/plugins/contact-form-7/includes/js/index41a3.js]
[simplify-living.ch/wp-includes/js/dist/dom-ready.min5346.js]
[simplify-living.ch/wp-content/plugins/astra-sites/inc/lib/onboarding/assets/dist/template-preview/maina11c.js]
[simplify-living.ch/wp-content/plugins/elementor/assets/js/webpack.runtime.min4a4c.js]
[simplify-living.ch/wp-content/plugins/elementor/assets/js/frontend-modules.min4a4c.js]
[simplify-living.ch/wp-includes/js/jquery/ui/core.minb37e.js]
[simplify-living.ch/wp-content/plugins/elementor/assets/js/frontend.min4a4c.js]
[simplify-living.ch/wp-content/plugins/elementor/assets/lib/swiper/v8/swiper.min94a4.js]
[simplify-living.ch/wp-content/plugins/beaf-before-and-after-gallery/assets/js/bafg-custom-js.js]
[simplify-living.ch/index.html]
[simplify-living.ch/wp-content/plugins/translatepress-multilingual/assets/flags/4x3/en_GB.svg]
[gmpg.org/xfn/11.html]
[fonts.googleapis.com/index.html]
[fonts.googleapis.com/css0e17.css]
[simplify-living.ch/wp-content/plugins/beaf-before-and-after-gallery/assets/js/jquery.twentytwentye156.js]
[simplify-living.ch/en/feed/index.html]
[simplify-living.ch/en/wp-json/index.html]
[simplify-living.ch/en/comments/feed/index.html]
[simplify-living.ch/en/wp-json/wp/v2/pages/1316.json]
[simplify-living.ch/en/wp-json/oembed/1.0/embed87ce.json]
[simplify-living.ch/en/wp-json/oembed/1.0/embed8563]
[simplify-living.ch/wp-content/plugins/translatepress-multilingual/assets/js/trp-translate-dom-changes4d48.js]
[simplify-living.ch/en/index.html]
[simplify-living.ch/wp-content/plugins/translatepress-multilingual/assets/flags/4x3/de_DE.svg]
[simplify-living.ch/wp-content/uploads/2025/09/0-Portrait-4_edited.jpg]
[simplify-living.ch/wp-content/uploads/elementor/google-fonts/css/amaticscff39.css]
[simplify-living.ch/en/about/index.html]
[simplify-living.ch/wp-content/plugins/beaf-before-and-after-gallery/assets/js/jquery.twentytwentyfab0.js]
[simplify-living.ch/en/method/index.html]
[simplify-living.ch/en/services/index.html]
[simplify-living.ch/en/gallery/index.html]
[simplify-living.ch/wp-json/wp/v2/pages/1317.json]
[simplify-living.ch/en/contact/index.html]
[simplify-living.ch/wp-json/oembed/1.0/embed4b54.json]
[simplify-living.ch/wp-json/oembed/1.0/embed4140]
[simplify-living.ch/wp-content/uploads/2025/03/Bronze-Consultant.png]
[simplify-living.ch/about/index.html]
[simplify-living.ch/wp-content/uploads/2023/06/jen-p-FoG8lotg7AA-unsplash-1-768x1024.jpg]
[simplify-living.ch/wp-content/plugins/beaf-before-and-after-gallery/assets/js/jquery.twentytwenty4baa.js]
[simplify-living.ch/wp-json/wp/v2/pages/1521.json]
[simplify-living.ch/wp-json/oembed/1.0/embedfaf6.json]
[simplify-living.ch/wp-json/oembed/1.0/embedd301]
[simplify-living.ch/wp-content/uploads/elementor/thumbs/Marie-Kondo-q6cw6suhuql8jua1fnmdugwgg7uorc9cdhanu7gyek.png]
[simplify-living.ch/method/index.html]
[simplify-living.ch/wp-content/uploads/2025/03/pexels-photo-1470171-1470171-scaled.jpg]
[simplify-living.ch/wp-content/plugins/elementor/assets/lib/animations/styles/fadeInDown.min4a4c.css]
[simplify-living.ch/wp-content/plugins/beaf-before-and-after-gallery/assets/js/jquery.twentytwentyaff4.js]
[simplify-living.ch/wp-json/wp/v2/pages/1318.json]
[simplify-living.ch/wp-json/oembed/1.0/embed1300.json]
[simplify-living.ch/wp-json/oembed/1.0/embedc3c9]
[simplify-living.ch/wp-content/uploads/2023/05/amanda-vick-zw_oaDbfzyE-unsplash-scaled.jpg]
[simplify-living.ch/wp-content/uploads/2023/05/alexander-grey-tn57JI3CewI-unsplash1-683x1024.jpg]
[simplify-living.ch/wp-content/uploads/2023/05/johny-goerend-qm2rUzrP64U-unsplash-scaled.jpg]
[simplify-living.ch/wp-content/uploads/2023/06/paul-hanaoka-Dl6H4_nzBpE-unsplash-scaled.jpg]
[simplify-living.ch/services/index.html]
[simplify-living.ch/wp-content/uploads/2023/10/alexandra-gorn-JIUjvqe2ZHg-unsplash-scaled.jpg]
[simplify-living.ch/wp-content/plugins/beaf-before-and-after-gallery/assets/js/jquery.twentytwenty8707.js]
[simplify-living.ch/wp-json/wp/v2/pages/1642.json]
[simplify-living.ch/wp-json/oembed/1.0/embedf40c.json]
[simplify-living.ch/wp-json/oembed/1.0/embed5ff3]
[simplify-living.ch/wp-content/uploads/2023/05/Buero-5.jpg]
[simplify-living.ch/wp-content/uploads/2023/05/Buero-6.jpg]
[simplify-living.ch/wp-content/uploads/2023/05/Wohnzimmer-5.jpg]
[simplify-living.ch/wp-content/uploads/2023/05/Wohnzimmer-6.jpg]
[simplify-living.ch/wp-content/uploads/2023/11/Buero-kommode-8.jpg]
[simplify-living.ch/wp-content/uploads/2023/05/Buero-8.jpg]
[simplify-living.ch/wp-content/uploads/2023/11/Badezimmer-5.jpg]
[simplify-living.ch/wp-content/uploads/2023/11/Badezimmer-6.jpg]
[simplify-living.ch/wp-content/uploads/2023/10/1698231263500-scaled.jpg]
[simplify-living.ch/wp-content/uploads/2023/10/1698231263449-scaled.jpg]
[simplify-living.ch/wp-content/uploads/2023/10/1698231263489-scaled.jpg]
[simplify-living.ch/wp-content/uploads/2023/10/1698231263427-scaled.jpg]
[simplify-living.ch/wp-content/uploads/2023/11/Badezimmer-1.jpg]
[simplify-living.ch/wp-content/uploads/2023/11/Badezimmer-2.jpg]
[simplify-living.ch/gallery/index.html]
[simplify-living.ch/wp-content/uploads/2023/05/quino-al-4SNUcHPiC8c-unsplash-1024x683.jpg]
[simplify-living.ch/wp-content/plugins/beaf-before-and-after-gallery/assets/js/jquery.twentytwenty12fa.js]
[simplify-living.ch/wp-json/wp/v2/pages/1319.json]
[simplify-living.ch/wp-json/oembed/1.0/embed2d57.json]
[simplify-living.ch/wp-json/oembed/1.0/embed030f]
[simplify-living.ch/wp-content/plugins/wpforms-lite/assets/images/submit-spin.svg]
[simplify-living.ch/wp-content/plugins/wpforms-lite/assets/css/frontend/classic/wpforms-base.min7fa3.css]
[simplify-living.ch/wp-includes/js/underscore.min3ab8.js]
[simplify-living.ch/wp-includes/js/wp-util.min32d4.js]
[simplify-living.ch/wp-content/plugins/wpforms-lite/assets/js/frontend/wpforms.min7fa3.js]
[simplify-living.ch/wp-content/plugins/wpforms-lite/assets/js/integrations/elementor/frontend.min7fa3.js]
[simplify-living.ch/wp-content/plugins/wpforms-lite/assets/lib/jquery.validate.min3c17.js]
[simplify-living.ch/wp-content/plugins/wpforms-lite/assets/lib/mailcheck.mincfa9.js]
[simplify-living.ch/wp-content/plugins/wpforms-lite/assets/lib/punycode.min8a54.js]
[simplify-living.ch/wp-content/plugins/wpforms-lite/assets/js/share/utils.min7fa3.js]
[simplify-living.ch/contact/index.html]
[simplify-living.ch/wp-content/plugins/wpforms-lite/assets/js/frontend/fields/address.min7fa3.js]
[gmpg.org/xfn/.html]
[gmpg.org/xfn/pix/intro/five-met.gif]
[gmpg.org/xfn/pix/intro/five-acqfr.gif]
[gmpg.org/xfn/pix/intro/five-prof.gif]
[gmpg.org/xfn/pix/intro/five-lovefam.gif]
[gmpg.org/xfn/intro.html]
[gmpg.org/xfn/faq.html]
[gmpg.org/xfn/thanks.html]
[simplify-living.ch/wp-content/plugins/beaf-before-and-after-gallery/assets/js/jquery.twentytwentyf055.js]
[simplify-living.ch/en/wp-json/wp/v2/pages/1317.json]
[simplify-living.ch/en/wp-json/oembed/1.0/embededd2.json]
[simplify-living.ch/en/about/index.html]
[simplify-living.ch/en/wp-json/oembed/1.0/embed24cf]
[simplify-living.ch/wp-content/plugins/beaf-before-and-after-gallery/assets/js/jquery.twentytwentyf650.js]
[simplify-living.ch/en/wp-json/wp/v2/pages/1521.json]
[simplify-living.ch/en/wp-json/oembed/1.0/embedb8ef.json]
[simplify-living.ch/en/method/index.html]
[simplify-living.ch/en/wp-json/oembed/1.0/embed6a9d]
[simplify-living.ch/wp-content/plugins/beaf-before-and-after-gallery/assets/js/jquery.twentytwenty0a60.js]
[simplify-living.ch/en/wp-json/wp/v2/pages/1318.json]
[simplify-living.ch/en/wp-json/oembed/1.0/embed2621.json]
[simplify-living.ch/en/services/index.html]
[simplify-living.ch/en/wp-json/oembed/1.0/embeddbe0]
[simplify-living.ch/en/wp-json/wp/v2/pages/1642.json]
[simplify-living.ch/en/wp-json/oembed/1.0/embeda0f8.json]
[simplify-living.ch/en/gallery/index.html]
[simplify-living.ch/en/wp-json/oembed/1.0/embed18ea]
[simplify-living.ch/wp-content/plugins/beaf-before-and-after-gallery/assets/js/jquery.twentytwenty236a.js]
[simplify-living.ch/en/wp-json/wp/v2/pages/1319.json]
[simplify-living.ch/en/wp-json/oembed/1.0/embedbb37.json]
[simplify-living.ch/en/contact/index.html]
[simplify-living.ch/index1e59.html]
[simplify-living.ch/indexbfcf.html]
[simplify-living.ch/indexba61.html]
[simplify-living.ch/index3515.html]
[simplify-living.ch/indexd848.html]
[gmpg.org/xfn/index.html]
[simplify-living.ch/en/wp-json/oembed/1.0/embed4166]
[gmpg.org/xfn/xfn-btn.gif]
[gmpg.org/xfn/join.html]
[gmpg.org/xfn/background.html]
[gmpg.org/xfn/tools.html]
[gmpg.org/xfn/pix/mememememe.png]
[gmpg.org/xfn/and/index.html]
[gmpg.org/xfn/helping.html]
[gmpg.org/xfn/feedback.html]
[gmpg.org/xfn/creator.html]
[gmpg.org/xfn/xfn-mini.gif]
[gmpg.org/xfn/more.html]
[gmpg.org/xfn/press.html]
[gmpg.org/xfn/index-2.html]
[simplify-living.ch/en/index1e59.html]
[simplify-living.ch/en/indexbfcf.html]
[simplify-living.ch/en/indexba61.html]
[simplify-living.ch/en/index3515.html]
[simplify-living.ch/en/indexd848.html]
[gmpg.org/xfn/1.html]
[gmpg.org/xfn/creator-fr.html]
[gmpg.org/xfn/creator-it.html]
[gmpg.org/xfn/creator-es.html]
[gmpg.org/xfn/creator-nl.html]
[gmpg.org/xfn/creator-cs.html]
[gmpg.org/xfn/creator-ja.html]
[gmpg.org/xfn/and/foaf.html]
[gmpg.org/xfn/and/index-2.html]
[simplify-living.ch/wp-includes/js/jquery/jquery.minf43b.js]
[simplify-living.ch/wp-content/themes/astra/assets/css/minified/main.mineda1.css]
[simplify-living.ch/wp-content/uploads/2023/09/2bett-scaled.jpg]
[simplify-living.ch/wp-content/plugins/translatepress-multilingual/assets/js/trp-frontend-language-switcher4d48.js]
[simplify-living.ch/wp-content/plugins/contact-form-7/includes/css/styles41a3.css]
[simplify-living.ch/wp-content/plugins/elementor/assets/lib/font-awesome/js/v4-shims.min4a4c.js]
[simplify-living.ch/wp-json/index.html]
[simplify-living.ch/wp-includes/js/jquery/jquery-migrate.min5589.js]
[simplify-living.ch/wp-content/themes/astra/assets/css/minified/compatibility/contact-form-7-main.mineda1.css]
[simplify-living.ch/wp-json/wp/v2/pages/1316.json]
[simplify-living.ch/wp-content/uploads/useanyfont/uaf7b50.css]
[simplify-living.ch/wp-content/plugins/beaf-before-and-after-gallery/assets/js/jquery.event.move.js]
[simplify-living.ch/wp-content/plugins/translatepress-multilingual/assets/css/trp-language-switcher-v24d48.css]
[simplify-living.ch/xmlrpc0db0.php]
[simplify-living.ch/wp-content/plugins/beaf-before-and-after-gallery/assets/js/jquery.twentytwenty16c4.js]
[simplify-living.ch/wp-content/uploads/2023/09/cropped-cropped-cropped-SL_logo_bt-1-32x32.png]
[simplify-living.ch/wp-json/oembed/1.0/embedb87d.json]
[simplify-living.ch/wp-json/oembed/1.0/embed7632]
[simplify-living.ch/wp-content/plugins/elementor/assets/lib/eicons/fonts/eicons7241.eot]
[simplify-living.ch/wp-content/uploads/2023/09/cropped-cropped-cropped-SL_logo_bt-1-192x192.png]
[simplify-living.ch/wp-content/uploads/2023/09/cropped-cropped-cropped-SL_logo_bt-1-180x180.png]
[simplify-living.ch/wp-content/plugins/elementor/assets/lib/eicons/fonts/eicons7241.woff2]
[simplify-living.ch/wp-content/uploads/2023/05/0-Portrait-4_edited-300x300.jpg]
[simplify-living.ch/wp-content/plugins/elementor/assets/lib/eicons/fonts/eicons7241.woff]
[simplify-living.ch/wp-content/plugins/elementor/assets/lib/eicons/fonts/eicons7241.ttf]
[simplify-living.ch/wp-content/plugins/elementor/assets/lib/eicons/css/elementor-icons.mine085.css]
[simplify-living.ch/wp-content/plugins/elementor/assets/css/frontend.min4a4c.css]
[simplify-living.ch/wp-content/plugins/elementor/assets/mask-shapes/circle.svg]
[simplify-living.ch/wp-content/plugins/elementor/assets/lib/eicons/fonts/eicons7241.svg]
[simplify-living.ch/wp-content/uploads/2025/09/Bronze-Consultant-1024x292.png]
[simplify-living.ch/wp-content/plugins/fancy-elementor-flipbox/assets/css/fancy-elementor-flipbox32d4.css]
[simplify-living.ch/wp-content/uploads/2023/05/amanda-vick-zw_oaDbfzyE-unsplash-200x300.jpg]
[simplify-living.ch/wp-content/uploads/2023/05/km-meditate-1024x768.webp]
[simplify-living.ch/wp-content/uploads/2023/05/alexander-grey-tn57JI3CewI-unsplash1-200x300.jpg]
[simplify-living.ch/wp-content/uploads/2023/05/johny-goerend-qm2rUzrP64U-unsplash-200x300.jpg]
[simplify-living.ch/wp-content/uploads/2023/06/paul-hanaoka-Dl6H4_nzBpE-unsplash-200x300.jpg]
[simplify-living.ch/wp-content/uploads/2023/05/Kueche-3.jpg]
[simplify-living.ch/wp-content/uploads/2023/05/Kueche-4.jpg]
[simplify-living.ch/wp-content/plugins/elementor/assets/lib/font-awesome/webfonts/fa-brands-400.eot]
[simplify-living.ch/wp-content/uploads/2023/10/1698231263456-scaled.jpg]
[simplify-living.ch/wp-content/plugins/elementor/assets/lib/font-awesome/webfonts/fa-brands-400d41d.eot]
[simplify-living.ch/wp-content/uploads/2023/11/Vorher-HF-scaled.jpg]
[simplify-living.ch/wp-content/uploads/2023/10/Nachher-scaled.jpg]
[simplify-living.ch/wp-content/plugins/elementor/assets/lib/font-awesome/webfonts/fa-brands-400.woff2]
[simplify-living.ch/wp-content/uploads/2023/05/Mirj-150x150.jpg]
[simplify-living.ch/wp-content/uploads/2023/10/1698231263403-scaled.jpg]
[simplify-living.ch/wp-content/plugins/elementor/assets/lib/font-awesome/webfonts/fa-brands-400.woff]
[simplify-living.ch/wp-content/plugins/elementor/assets/lib/font-awesome/webfonts/fa-brands-400.ttf]
[simplify-living.ch/wp-content/plugins/elementor/assets/lib/font-awesome/webfonts/fa-brands-400.svg]
[simplify-living.ch/wp-content/plugins/elementor/assets/lib/font-awesome/webfonts/fa-regular-400.eot]
[simplify-living.ch/wp-content/uploads/2025/03/Portrait-Karin-scaled-e1741890479995-150x150.jpg]
[simplify-living.ch/wp-content/plugins/elementor/assets/lib/font-awesome/webfonts/fa-regular-400d41d.eot]
[simplify-living.ch/wp-content/plugins/elementor/assets/lib/font-awesome/webfonts/fa-regular-400.woff2]
[simplify-living.ch/wp-content/plugins/elementor/assets/lib/font-awesome/webfonts/fa-regular-400.woff]
[simplify-living.ch/wp-content/uploads/2025/04/Paedi-150x150.jpg]
[simplify-living.ch/wp-content/plugins/elementor/assets/lib/font-awesome/webfonts/fa-regular-400.ttf]
[simplify-living.ch/wp-content/plugins/elementor/assets/lib/font-awesome/webfonts/fa-regular-400.svg]
[simplify-living.ch/wp-content/plugins/elementor/assets/lib/font-awesome/webfonts/fa-solid-900.eot]
[simplify-living.ch/wp-content/plugins/elementor/assets/lib/font-awesome/webfonts/fa-solid-900d41d.eot]
[simplify-living.ch/wp-content/plugins/contact-form-7/includes/swv/js/index41a3.js]
[simplify-living.ch/wp-content/plugins/elementor/assets/lib/font-awesome/webfonts/fa-solid-900.woff2]
[simplify-living.ch/wp-content/uploads/2025/04/Stef-e1744375075876-150x150.jpg]
[simplify-living.ch/wp-content/themes/astra/assets/js/minified/frontend.mineda1.js]
[simplify-living.ch/wp-content/plugins/elementor/assets/lib/font-awesome/webfonts/fa-solid-900.woff]
[simplify-living.ch/wp-content/plugins/elementor/assets/lib/font-awesome/webfonts/fa-solid-900.ttf]
[simplify-living.ch/wp-content/plugins/elementor/assets/lib/font-awesome/css/all.min4a4c.css]
[simplify-living.ch/wp-content/plugins/elementor/assets/lib/font-awesome/css/v4-shims.min4a4c.css]
[simplify-living.ch/wp-content/plugins/elementor/assets/lib/font-awesome/webfonts/fa-solid-900.svg]
[simplify-living.ch/wp-content/plugins/elementor/assets/css/widget-spacer.min4a4c.css]
[simplify-living.ch/wp-content/plugins/elementor/assets/js/frontend-modules.min4a4c.js]
[simplify-living.ch/wp-content/plugins/elementor/assets/css/widget-image.min4a4c.css]
[simplify-living.ch/wp-content/plugins/contact-form-7/includes/js/index41a3.js]
[simplify-living.ch/wp-content/plugins/astra-sites/inc/lib/onboarding/assets/dist/template-preview/maina11c.js]
[simplify-living.ch/wp-content/plugins/elementor/assets/lib/animations/styles/headShake.min4a4c.css]
[simplify-living.ch/wp-content/plugins/elementor/assets/lib/swiper/v8/swiper.min94a4.js]
[simplify-living.ch/wp-content/plugins/elementor/assets/js/webpack.runtime.min4a4c.js]
[simplify-living.ch/wp-content/plugins/elementor/assets/css/widget-heading.min4a4c.css]
[simplify-living.ch/en/feed/index.html]
[simplify-living.ch/en/comments/feed/index.html]
[simplify-living.ch/wp-content/plugins/elementor/assets/lib/swiper/v8/css/swiper.min94a4.css]
[simplify-living.ch/wp-includes/js/jquery/ui/core.minb37e.js]
[simplify-living.ch/en/wp-json/index.html]
[simplify-living.ch/wp-content/plugins/elementor/assets/css/conditionals/e-swiper.min4a4c.css]
[simplify-living.ch/wp-content/plugins/elementor/assets/js/frontend.min4a4c.js]
[simplify-living.ch/en/wp-json/wp/v2/pages/1316.json]
[simplify-living.ch/wp-content/plugins/beaf-before-and-after-gallery/assets/js/bafg-custom-js.js]
[simplify-living.ch/wp-content/plugins/elementor/assets/css/widget-image-carousel.min4a4c.css]
[simplify-living.ch/wp-content/plugins/beaf-before-and-after-gallery/assets/js/jquery.twentytwentye156.js]
[simplify-living.ch/wp-content/plugins/beaf-before-and-after-gallery/assets/css/twentytwenty32d4.css]
[simplify-living.ch/wp-content/plugins/translatepress-multilingual/assets/js/trp-translate-dom-changes4d48.js]
[simplify-living.ch/wp-content/uploads/2025/09/0-Portrait-4_edited.jpg]
[simplify-living.ch/wp-content/plugins/beaf-before-and-after-gallery/assets/css/bafg-style32d4.css]
[simplify-living.ch/wp-json/wp/v2/pages/1317.json]
[simplify-living.ch/en/wp-json/oembed/1.0/embed87ce.json]
[simplify-living.ch/en/wp-json/oembed/1.0/embed8563]
[simplify-living.ch/wp-content/plugins/beaf-before-and-after-gallery/assets/js/jquery.twentytwentyfab0.js]
[simplify-living.ch/wp-json/oembed/1.0/embed4b54.json]
[simplify-living.ch/wp-content/uploads/elementor/google-fonts/fonts/roboto-kfo5cnqeu92fr1mu53zec9_vu3r1gihoszmkc3kawzu.woff2]
[simplify-living.ch/wp-content/uploads/2023/06/jen-p-FoG8lotg7AA-unsplash-1-768x1024.jpg]
[simplify-living.ch/wp-content/plugins/beaf-before-and-after-gallery/assets/js/jquery.twentytwenty4baa.js]
[simplify-living.ch/wp-content/uploads/elementor/google-fonts/fonts/roboto-kfo5cnqeu92fr1mu53zec9_vu3r1gihoszmkankawzu.woff2]
[simplify-living.ch/wp-content/uploads/elementor/google-fonts/fonts/roboto-kfo5cnqeu92fr1mu53zec9_vu3r1gihoszmkcnkawzu.woff2]
[simplify-living.ch/wp-content/uploads/elementor/google-fonts/fonts/roboto-kfo5cnqeu92fr1mu53zec9_vu3r1gihoszmkbxkawzu.woff2]
[simplify-living.ch/wp-json/oembed/1.0/embed4140]
[simplify-living.ch/wp-content/uploads/elementor/google-fonts/fonts/roboto-kfo5cnqeu92fr1mu53zec9_vu3r1gihoszmkenkawzu.woff2]
[simplify-living.ch/wp-content/uploads/elementor/google-fonts/fonts/roboto-kfo5cnqeu92fr1mu53zec9_vu3r1gihoszmkahkawzu.woff2]
[simplify-living.ch/wp-content/uploads/elementor/google-fonts/fonts/roboto-kfo5cnqeu92fr1mu53zec9_vu3r1gihoszmkcxkawzu.woff2]
[simplify-living.ch/wp-content/uploads/elementor/google-fonts/fonts/roboto-kfo5cnqeu92fr1mu53zec9_vu3r1gihoszmkchkawzu.woff2]
[simplify-living.ch/wp-content/uploads/elementor/google-fonts/fonts/roboto-kfo5cnqeu92fr1mu53zec9_vu3r1gihoszmkbnka.woff2]
[simplify-living.ch/wp-content/uploads/elementor/google-fonts/fonts/roboto-kfo7cnqeu92fr1me7ksn66agldtyluama3gubgee.woff2]
[simplify-living.ch/wp-content/uploads/elementor/google-fonts/fonts/roboto-kfo7cnqeu92fr1me7ksn66agldtyluama3iubgee.woff2]
[simplify-living.ch/wp-json/wp/v2/pages/1521.json]
[simplify-living.ch/wp-content/uploads/elementor/google-fonts/fonts/roboto-kfo7cnqeu92fr1me7ksn66agldtyluama3cubgee.woff2]
[simplify-living.ch/wp-content/uploads/elementor/google-fonts/fonts/roboto-kfo7cnqeu92fr1me7ksn66agldtyluama3-ubgee.woff2]
[simplify-living.ch/wp-content/uploads/elementor/google-fonts/fonts/roboto-kfo7cnqeu92fr1me7ksn66agldtyluamawcubgee.woff2]
[simplify-living.ch/wp-content/uploads/elementor/google-fonts/fonts/roboto-kfo7cnqeu92fr1me7ksn66agldtyluamaxkubgee.woff2]
[simplify-living.ch/wp-content/uploads/elementor/google-fonts/fonts/roboto-kfo7cnqeu92fr1me7ksn66agldtyluama3oubgee.woff2]
[simplify-living.ch/wp-content/uploads/elementor/google-fonts/fonts/roboto-kfo7cnqeu92fr1me7ksn66agldtyluama3kubgee.woff2]
[simplify-living.ch/wp-content/uploads/elementor/thumbs/Marie-Kondo-q6cw6suhuql8jua1fnmdugwgg7uorc9cdhanu7gyek.png]
[simplify-living.ch/wp-content/uploads/elementor/google-fonts/fonts/roboto-kfo7cnqeu92fr1me7ksn66agldtyluama3yuba.woff2]
[simplify-living.ch/wp-content/uploads/elementor/google-fonts/css/roboto324f.css]
[simplify-living.ch/wp-content/uploads/2025/03/pexels-photo-1470171-1470171-scaled.jpg]
[simplify-living.ch/wp-json/oembed/1.0/embedfaf6.json]
[simplify-living.ch/wp-content/uploads/elementor/google-fonts/fonts/robotoslab-bngmuxzytxpivibgjjsb6ufa5qw54a.woff2]
[simplify-living.ch/wp-content/plugins/beaf-before-and-after-gallery/assets/js/jquery.twentytwentyaff4.js]
[simplify-living.ch/wp-content/uploads/elementor/google-fonts/fonts/robotoslab-bngmuxzytxpivibgjjsb6ufj5qw54a.woff2]
[simplify-living.ch/wp-content/uploads/elementor/google-fonts/fonts/robotoslab-bngmuxzytxpivibgjjsb6ufb5qw54a.woff2]
[simplify-living.ch/wp-json/oembed/1.0/embedd301]
[simplify-living.ch/wp-content/uploads/elementor/google-fonts/fonts/robotoslab-bngmuxzytxpivibgjjsb6ufo5qw54a.woff2]
[simplify-living.ch/wp-content/uploads/elementor/google-fonts/fonts/robotoslab-bngmuxzytxpivibgjjsb6ufc5qw54a.woff2]
[simplify-living.ch/wp-content/uploads/elementor/google-fonts/fonts/robotoslab-bngmuxzytxpivibgjjsb6ufd5qw54a.woff2]
[simplify-living.ch/wp-content/uploads/elementor/google-fonts/fonts/robotoslab-bngmuxzytxpivibgjjsb6ufn5qu.woff2]
[simplify-living.ch/wp-content/uploads/elementor/google-fonts/css/robotoslabff39.css]
[simplify-living.ch/wp-content/uploads/elementor/google-fonts/fonts/josefinsans-qw3ezqnved7rkgkxtqiqx5eucex1xhgciw.woff2]
[simplify-living.ch/wp-content/uploads/2023/05/amanda-vick-zw_oaDbfzyE-unsplash-scaled.jpg]
[simplify-living.ch/wp-content/uploads/elementor/google-fonts/fonts/josefinsans-qw3ezqnved7rkgkxtqiqx5eucex0xhgciw.woff2]
[simplify-living.ch/wp-content/uploads/elementor/google-fonts/fonts/josefinsans-qw3ezqnved7rkgkxtqiqx5eucex6xhg.woff2]
[simplify-living.ch/wp-content/uploads/elementor/google-fonts/fonts/josefinsans-qw3azqnved7rkgkxtqiqx5euanx4rhw.woff2]
[simplify-living.ch/wp-content/uploads/2023/05/alexander-grey-tn57JI3CewI-unsplash1-683x1024.jpg]
[simplify-living.ch/wp-content/uploads/elementor/google-fonts/fonts/josefinsans-qw3azqnved7rkgkxtqiqx5eua3x4rhw.woff2]
[simplify-living.ch/wp-content/uploads/elementor/google-fonts/fonts/josefinsans-qw3azqnved7rkgkxtqiqx5eudxx4.woff2]
[simplify-living.ch/wp-content/uploads/elementor/google-fonts/css/josefinsansa8b6.css]
[simplify-living.ch/wp-json/wp/v2/pages/1318.json]
[simplify-living.ch/wp-content/plugins/elementor/assets/lib/font-awesome/css/fontawesome.min52d5.css]
[simplify-living.ch/wp-content/uploads/2023/05/johny-goerend-qm2rUzrP64U-unsplash-scaled.jpg]
[simplify-living.ch/wp-content/uploads/2023/06/paul-hanaoka-Dl6H4_nzBpE-unsplash-scaled.jpg]
[simplify-living.ch/wp-content/plugins/elementor/assets/lib/font-awesome/css/regular.min52d5.css]
[simplify-living.ch/wp-json/oembed/1.0/embed1300.json]
[simplify-living.ch/wp-json/oembed/1.0/embedc3c9]
[simplify-living.ch/wp-content/plugins/elementor/assets/lib/font-awesome/css/solid.min52d5.css]
[simplify-living.ch/wp-json/wp/v2/pages/1642.json]
[simplify-living.ch/wp-content/uploads/2023/10/alexandra-gorn-JIUjvqe2ZHg-unsplash-scaled.jpg]
[simplify-living.ch/wp-content/plugins/beaf-before-and-after-gallery/assets/js/jquery.twentytwenty8707.js]
[simplify-living.ch/wp-json/oembed/1.0/embedf40c.json]
[simplify-living.ch/wp-json/oembed/1.0/embed5ff3]
[simplify-living.ch/wp-content/uploads/2023/05/Buero-5.jpg]
[simplify-living.ch/en/index.html]
[simplify-living.ch/wp-content/plugins/beaf-before-and-after-gallery/assets/js/jquery.twentytwentyc313.js]
[simplify-living.ch/wp-content/uploads/2023/05/Buero-6.jpg]
[simplify-living.ch/wp-content/uploads/2023/05/Wohnzimmer-5.jpg]
[simplify-living.ch/wp-content/uploads/2023/05/Wohnzimmer-6.jpg]
[simplify-living.ch/wp-content/uploads/2023/11/Buero-kommode-8.jpg]
[simplify-living.ch/about/index.html]
[simplify-living.ch/wp-content/plugins/beaf-before-and-after-gallery/assets/js/jquery.twentytwentyc374.js]
[simplify-living.ch/wp-content/uploads/2023/05/Buero-8.jpg]
[simplify-living.ch/wp-content/plugins/translatepress-multilingual/assets/flags/4x3/en_GB.svg]
[simplify-living.ch/wp-content/uploads/2023/11/Badezimmer-5.jpg]
[simplify-living.ch/wp-content/uploads/2023/11/Badezimmer-6.jpg]
[gmpg.org/xfn/default.css]
[simplify-living.ch/wp-content/uploads/2023/10/1698231263500-scaled.jpg]
[simplify-living.ch/wp-content/uploads/2023/10/1698231263449-scaled.jpg]
[simplify-living.ch/wp-content/uploads/2023/10/1698231263489-scaled.jpg]
[simplify-living.ch/wp-content/uploads/2023/10/1698231263427-scaled.jpg]
[simplify-living.ch/wp-content/uploads/2023/11/Badezimmer-1.jpg]
[simplify-living.ch/en/about/index.html]
[simplify-living.ch/wp-content/plugins/beaf-before-and-after-gallery/assets/js/jquery.twentytwenty3755.js]
[simplify-living.ch/wp-content/plugins/translatepress-multilingual/assets/flags/4x3/de_DE.svg]
[simplify-living.ch/wp-json/wp/v2/pages/1319.json]
[simplify-living.ch/wp-content/uploads/2023/05/quino-al-4SNUcHPiC8c-unsplash-1024x683.jpg]
[simplify-living.ch/wp-content/uploads/2023/11/Badezimmer-2.jpg]
[simplify-living.ch/wp-content/plugins/beaf-before-and-after-gallery/assets/js/jquery.twentytwenty12fa.js]
[simplify-living.ch/wp-json/oembed/1.0/embed2d57.json]
[simplify-living.ch/wp-includes/js/underscore.min3ab8.js]
[simplify-living.ch/wp-content/uploads/elementor/google-fonts/fonts/amaticsc-tuzyzwprpvbs1izr_voedusfqzq.woff2]
[simplify-living.ch/wp-includes/js/wp-util.min32d4.js]
[simplify-living.ch/wp-content/plugins/wpforms-lite/assets/js/frontend/wpforms.min7fa3.js]
[simplify-living.ch/wp-content/uploads/elementor/google-fonts/fonts/amaticsc-tuzyzwprpvbs1izr_voecosfqzq.woff2]
[simplify-living.ch/wp-content/uploads/elementor/google-fonts/fonts/amaticsc-tuzyzwprpvbs1izr_voebesfqzq.woff2]
[simplify-living.ch/wp-content/plugins/wpforms-lite/assets/js/integrations/elementor/frontend.min7fa3.js]
[simplify-living.ch/wp-content/uploads/elementor/google-fonts/fonts/amaticsc-tuzyzwprpvbs1izr_voebosfqzq.woff2]
[simplify-living.ch/wp-content/uploads/elementor/google-fonts/fonts/amaticsc-tuzyzwprpvbs1izr_voecusf.woff2]
[simplify-living.ch/wp-json/oembed/1.0/embed030f]
[simplify-living.ch/wp-content/uploads/elementor/google-fonts/fonts/amaticsc-tuz3zwprpvbs1izr_vomscgkeruc7wq.woff2]
[simplify-living.ch/wp-content/uploads/elementor/google-fonts/fonts/amaticsc-tuz3zwprpvbs1izr_vomscgkfluc7wq.woff2]
[simplify-living.ch/wp-content/plugins/wpforms-lite/assets/lib/jquery.validate.min3c17.js]
[simplify-living.ch/wp-content/uploads/elementor/google-fonts/fonts/amaticsc-tuz3zwprpvbs1izr_vomscgkcbuc7wq.woff2]
[simplify-living.ch/wp-content/uploads/elementor/google-fonts/fonts/amaticsc-tuz3zwprpvbs1izr_vomscgkcluc7wq.woff2]
[simplify-living.ch/wp-content/uploads/elementor/google-fonts/fonts/amaticsc-tuz3zwprpvbs1izr_vomscgkfruc.woff2]
[simplify-living.ch/wp-content/uploads/elementor/google-fonts/css/amaticscff39.css]
[simplify-living.ch/index1e59.html]
[simplify-living.ch/wp-content/plugins/wpforms-lite/assets/lib/mailcheck.mincfa9.js]
[simplify-living.ch/wp-content/plugins/wpforms-lite/assets/lib/punycode.min8a54.js]
[simplify-living.ch/wp-content/plugins/wpforms-lite/assets/js/share/utils.min7fa3.js]
[simplify-living.ch/wp-content/uploads/2025/03/Bronze-Consultant.html]
[simplify-living.ch/wp-content/plugins/wpforms-lite/assets/js/frontend/fields/address.min7fa3.js]
[simplify-living.ch/indexbfcf.html]
[gmpg.org/xfn/pix/intro/five-met.gif]
[gmpg.org/xfn/pix/intro/five-acqfr.gif]
[simplify-living.ch/en/wp-json/wp/v2/pages/1317.json]
[gmpg.org/xfn/pix/intro/five-prof.gif]
[gmpg.org/xfn/pix/intro/five-lovefam.gif]
[simplify-living.ch/wp-content/plugins/elementor/assets/lib/animations/styles/fadeInDown.min4a4c.css]
[simplify-living.ch/indexba61.html]
[simplify-living.ch/wp-content/plugins/beaf-before-and-after-gallery/assets/js/jquery.twentytwentyf055.js]
[simplify-living.ch/index3515.html]
[simplify-living.ch/en/wp-json/wp/v2/pages/1521.json]
[simplify-living.ch/wp-content/plugins/beaf-before-and-after-gallery/assets/js/jquery.twentytwentyf650.js]
[simplify-living.ch/indexd848.html]
[simplify-living.ch/en/wp-json/oembed/1.0/embed24cf]
[simplify-living.ch/en/wp-json/oembed/1.0/embededd2.json]
[simplify-living.ch/wp-content/plugins/wpforms-lite/assets/images/submit-spin.svg]
[simplify-living.ch/en/wp-json/wp/v2/pages/1318.json]
[simplify-living.ch/wp-content/plugins/beaf-before-and-after-gallery/assets/js/jquery.twentytwenty0a60.js]
[simplify-living.ch/en/wp-json/oembed/1.0/embedb8ef.json]
[simplify-living.ch/en/wp-json/oembed/1.0/embed6a9d]
[simplify-living.ch/en/wp-json/oembed/1.0/embed2621.json]
[simplify-living.ch/en/wp-json/oembed/1.0/embeddbe0]
[simplify-living.ch/en/wp-json/oembed/1.0/embeda0f8.json]
[simplify-living.ch/wp-content/plugins/wpforms-lite/assets/pro/images/times-solid-white.112.delayed]
[simplify-living.ch/wp-content/plugins/wpforms-lite/assets/css/frontend/classic/wpforms-base.min7fa3.css]
[simplify-living.ch/en/wp-json/wp/v2/pages/1642.json]
[simplify-living.ch/en/wp-json/wp/v2/pages/1319.json]
[simplify-living.ch/wp-content/plugins/beaf-before-and-after-gallery/assets/js/jquery.twentytwenty236a.js]
[gmpg.org/xfn/index.html]
[gmpg.org/xfn/xfn-btn.gif]
[simplify-living.ch/en/index1e59.html]
[simplify-living.ch/en/wp-json/oembed/1.0/embed18ea]
[simplify-living.ch/en/indexbfcf.html]
[simplify-living.ch/en/wp-json/oembed/1.0/embedbb37.json]
[simplify-living.ch/en/wp-json/oembed/1.0/embed4166]
[simplify-living.ch/en/indexba61.html]
[gmpg.org/xfn/pix/mememememe.png]
[simplify-living.ch/en/index3515.html]
[gmpg.org/xfn/xfn-mini.gif]
[simplify-living.ch/en/indexd848.html]
[simplify-living.ch/wp-content/plugins/elementor/assets/lib/eicons/fonts/eicons7241.eot]
[simplify-living.ch/wp-content/plugins/elementor/assets/lib/eicons/fonts/eicons7241.woff2]
[gmpg.org/xfn/1.html]
[simplify-living.ch/wp-content/plugins/elementor/assets/lib/eicons/fonts/eicons7241.woff]
[gmpg.org/xfn/creator-fr.html]
[simplify-living.ch/wp-content/plugins/elementor/assets/lib/eicons/fonts/eicons7241.ttf]
[gmpg.org/xfn/and/foaf.html]
[simplify-living.ch/wp-content/plugins/elementor/assets/lib/font-awesome/webfonts/fa-brands-400.eot]
[simplify-living.ch/wp-content/plugins/elementor/assets/lib/font-awesome/webfonts/fa-brands-400d41d.eot]
[simplify-living.ch/wp-content/plugins/elementor/assets/lib/font-awesome/webfonts/fa-brands-400.woff2]
[gmpg.org/xfn/count.css]
[simplify-living.ch/wp-content/plugins/elementor/assets/lib/font-awesome/webfonts/fa-brands-400.woff]
[simplify-living.ch/wp-content/plugins/elementor/assets/lib/font-awesome/webfonts/fa-regular-400.eot]
[simplify-living.ch/wp-content/plugins/elementor/assets/lib/font-awesome/webfonts/fa-brands-400.ttf]
[simplify-living.ch/wp-content/plugins/elementor/assets/lib/eicons/fonts/eicons7241.svg]
[simplify-living.ch/wp-content/plugins/elementor/assets/lib/font-awesome/webfonts/fa-regular-400d41d.eot]
[simplify-living.ch/wp-content/plugins/elementor/assets/lib/font-awesome/webfonts/fa-regular-400.woff2]
[simplify-living.ch/wp-content/plugins/elementor/assets/lib/font-awesome/webfonts/fa-brands-400.svg]
[simplify-living.ch/wp-content/plugins/elementor/assets/lib/font-awesome/webfonts/fa-regular-400.woff]
[simplify-living.ch/wp-content/plugins/elementor/assets/lib/font-awesome/webfonts/fa-regular-400.ttf]
[simplify-living.ch/wp-content/plugins/elementor/assets/lib/font-awesome/webfonts/fa-regular-400.svg]
[simplify-living.ch/wp-content/plugins/elementor/assets/lib/font-awesome/webfonts/fa-solid-900.eot]
[simplify-living.ch/wp-content/plugins/elementor/assets/lib/font-awesome/webfonts/fa-solid-900.svg]
[simplify-living.ch/wp-content/plugins/elementor/assets/lib/font-awesome/webfonts/fa-solid-900d41d.eot]
[simplify-living.ch/wp-content/plugins/elementor/assets/lib/font-awesome/webfonts/fa-solid-900.woff2]
[simplify-living.ch/wp-content/uploads/elementor/google-fonts/fonts/roboto-kfo5cnqeu92fr1mu53zec9_vu3r1gihoszmkc3kawzu.woff2]
[simplify-living.ch/wp-content/uploads/elementor/google-fonts/fonts/roboto-kfo5cnqeu92fr1mu53zec9_vu3r1gihoszmkankawzu.woff2]
[simplify-living.ch/wp-content/plugins/wpforms-lite/assets/pro/images/times-solid-white.html]
[junk.metafilter.com/xfn.gif]
